
> renegade-cms@0.1.0 build
> cross-env NODE_OPTIONS=--no-deprecation next build && node -e "const fs = require('fs'); fs.cpSync('theme-packages', '.next/standalone/theme-packages', { recursive: true }); fs.cpSync('.next/static', '.next/standalone/.next/static', { recursive: true }); if (fs.existsSync('public')) fs.cpSync('public', '.next/standalone/public', { recursive: true });"

▲ Next.js 16.3.0 (Turbopack)
- Environments: .env.production, .env
✓ Running next.config.ts took 225ms
- Experiments (use with caution):
  ⨯ turbopackServerFastRefresh
  ✓ webpackMemoryOptimizations

  Creating an optimized production build ...
✓ Compiled successfully in 18.0s
  Running TypeScript ...
  Finished TypeScript in 19.4s ...
  Collecting page data using 7 workers ...
  Generating static pages using 7 workers (0/135) ...
  Generating static pages using 7 workers (33/135)
  Generating static pages using 7 workers (67/135)
  Generating static pages using 7 workers (101/135)
✓ Generating static pages using 7 workers (135/135) in 501ms
  Finalizing page optimization ...

Route (app)
┌ ƒ /
├ ○ /_not-found
├ ƒ /.well-known/nodeinfo
├ ƒ /.well-known/webfinger
├ ƒ /[...path]
├ ƒ /admin/[[...segments]]
├ ƒ /admin/ai
├ ƒ /admin/audience
├ ƒ /admin/catalog
├ ƒ /admin/catalog/preview/[id]
├ ƒ /admin/commerce
├ ƒ /admin/fulfillment
├ ƒ /admin/migration
├ ƒ /admin/releases
├ ƒ /admin/social
├ ƒ /admin/telemetry
├ ƒ /admin/workflow
├ ƒ /ap/actors/[handle]
├ ƒ /ap/actors/[handle]/followers
├ ƒ /ap/actors/[handle]/following
├ ƒ /ap/actors/[handle]/inbox
├ ƒ /ap/actors/[handle]/outbox
├ ƒ /api/[...slug]
├ ƒ /api/admin/ai/connections
├ ƒ /api/admin/ai/preview
├ ƒ /api/admin/ai/proposals
├ ƒ /api/admin/ai/proposals/[id]
├ ƒ /api/admin/ai/sites
├ ƒ /api/admin/audience/command-center
├ ƒ /api/admin/calendar/schedule
├ ƒ /api/admin/catalog
├ ƒ /api/admin/catalog/import
├ ƒ /api/admin/commerce/affiliate
├ ƒ /api/admin/commerce/dashboard
├ ƒ /api/admin/commerce/donations
├ ƒ /api/admin/commerce/receipts/[orderId]/resend
├ ƒ /api/admin/commerce/reconcile
├ ƒ /api/admin/commerce/refunds
├ ƒ /api/admin/commerce/subscriptions
├ ƒ /api/admin/commerce/subscriptions/grant
├ ƒ /api/admin/content/preview
├ ƒ /api/admin/discovery
├ ƒ /api/admin/discovery/ai-suggestion/accept
├ ƒ /api/admin/discovery/audit
├ ƒ /api/admin/indexing/export
├ ƒ /api/admin/indexing/search/reconcile
├ ƒ /api/admin/integrations
├ ƒ /api/admin/navigation
├ ƒ /api/admin/notifications
├ ƒ /api/admin/redirects
├ ƒ /api/admin/redirects/export
├ ƒ /api/admin/redirects/import
├ ƒ /api/admin/releases
├ ƒ /api/admin/releases/[id]
├ ƒ /api/admin/schedule-health
├ ƒ /api/admin/semantic-url/preview
├ ƒ /api/admin/social/accounts
├ ƒ /api/admin/social/analytics
├ ƒ /api/admin/social/dispatch
├ ƒ /api/admin/social/worker
├ ƒ /api/admin/starters
├ ƒ /api/admin/telemetry/dashboard
├ ƒ /api/admin/telemetry/experiment/winner
├ ƒ /api/admin/telemetry/funnel
├ ƒ /api/admin/themes
├ ƒ /api/admin/translations
├ ƒ /api/admin/webhooks
├ ƒ /api/admin/workflow/actions
├ ƒ /api/admin/workflow/audit
├ ƒ /api/admin/workflow/bulk
├ ƒ /api/admin/workflow/command-center
├ ƒ /api/admin/workflow/comments
├ ƒ /api/admin/workflow/queues
├ ƒ /api/admin/workflow/templates
├ ƒ /api/analytics/collect
├ ƒ /api/analytics/consent
├ ƒ /api/analytics/report
├ ƒ /api/auth/logout
├ ƒ /api/auth/passkey/complete
├ ƒ /api/auth/passkey/options
├ ƒ /api/auth/passkeys
├ ƒ /api/auth/recovery
├ ƒ /api/calendar/export
├ ƒ /api/commerce/affiliate/conversions
├ ƒ /api/commerce/affiliate/redirect
├ ƒ /api/commerce/cart
├ ƒ /api/commerce/cart/merge
├ ƒ /api/commerce/checkout/initiate
├ ƒ /api/commerce/checkout/status
├ ƒ /api/commerce/checkout/test/confirm
├ ƒ /api/commerce/crypto/verify
├ ƒ /api/commerce/donations/campaign/[campaignId]
├ ƒ /api/commerce/donations/intent
├ ƒ /api/commerce/donations/privacy
├ ƒ /api/commerce/download/[grantKey]
├ ƒ /api/commerce/proposal
├ ƒ /api/commerce/referrals/claim
├ ƒ /api/commerce/subscriptions
├ ƒ /api/commerce/subscriptions/checkout
├ ƒ /api/commerce/webhooks/[provider]
├ ƒ /api/community/blocks
├ ƒ /api/community/comments
├ ƒ /api/community/conversations
├ ƒ /api/community/conversations/[conversationId]
├ ƒ /api/community/directory
├ ƒ /api/community/history
├ ƒ /api/community/message-requests
├ ƒ /api/community/messages
├ ƒ /api/community/messages/report
├ ƒ /api/community/moderation
├ ƒ /api/community/moderation/appeals
├ ƒ /api/community/notification-preferences
├ ƒ /api/community/notifications
├ ƒ /api/community/posts
├ ƒ /api/community/profiles/[handle]
├ ƒ /api/community/reactions
├ ƒ /api/community/relationships
├ ƒ /api/community/reports
├ ƒ /api/community/threads
├ ƒ /api/email/webhook
├ ƒ /api/experiences/active
├ ƒ /api/experiences/conversion
├ ƒ /api/experiences/exposure
├ ƒ /api/forms/[formId]
├ ƒ /api/foundation-smoke
├ ƒ /api/graphql
├ ƒ /api/graphql-playground
├ ƒ /api/layouts
├ ƒ /api/layouts/[id]
├ ƒ /api/layouts/[id]/choices
├ ƒ /api/layouts/[id]/rollback
├ ƒ /api/layouts/overview
├ ƒ /api/layouts/patterns
├ ƒ /api/layouts/templates
├ ƒ /api/media
├ ƒ /api/media/[id]
├ ƒ /api/media/[id]/variants
├ ƒ /api/media/attach
├ ƒ /api/media/command-center
├ ƒ /api/media/governance
├ ƒ /api/media/sessions
├ ƒ /api/media/sessions/[id]
├ ƒ /api/media/upload
├ ƒ /api/member-auth/deactivate
├ ƒ /api/member-auth/delete
├ ƒ /api/member-auth/export
├ ƒ /api/member-auth/link
├ ƒ /api/member-auth/link/email
├ ƒ /api/member-auth/link/email/confirm
├ ƒ /api/member-auth/logout
├ ƒ /api/member-auth/magic-link/complete
├ ƒ /api/member-auth/magic-link/request
├ ƒ /api/member-auth/me
├ ƒ /api/member-auth/passkey/login/complete
├ ƒ /api/member-auth/passkey/login/options
├ ƒ /api/member-auth/passkey/register/complete
├ ƒ /api/member-auth/passkey/register/options
├ ƒ /api/member-auth/profile
├ ƒ /api/member-auth/profile-media
├ ƒ /api/member-auth/reactivate
├ ƒ /api/member-auth/sessions
├ ƒ /api/member-auth/sessions/[id]/revoke
├ ƒ /api/member-auth/sessions/revoke-all
├ ƒ /api/member-auth/unlink
├ ƒ /api/migration/legacy/activate/[runId]
├ ƒ /api/migration/legacy/execute
├ ƒ /api/migration/legacy/inspect
├ ƒ /api/migration/legacy/preflight
├ ƒ /api/migration/legacy/report/[runId]
├ ƒ /api/migration/legacy/rollback/[runId]
├ ƒ /api/operations/diagnostics
├ ƒ /api/operations/support-bundle
├ ƒ /api/presentation/export
├ ƒ /api/presentation/import
├ ƒ /api/realtime/drafts/[articleId]/checkpoint
├ ƒ /api/realtime/presence
├ ƒ /api/realtime/stream
├ ƒ /api/setup/complete
├ ƒ /api/setup/options
├ ƒ /api/setup/readiness
├ ƒ /api/subscribers/confirm
├ ƒ /api/subscribers/preferences
├ ƒ /api/subscribers/subscribe
├ ƒ /api/subscribers/unsubscribe
├ ƒ /api/v1/[...segments]
├ ƒ /api/v1/attachments/presign
├ ƒ /api/v1/moderation/cases
├ ƒ /api/v1/moderation/cases/batch
├ ƒ /api/v1/moderation/cases/export
├ ƒ /api/v1/notifications
├ ƒ /api/v1/notifications/[id]/read
├ ƒ /api/v1/notifications/mark-all-read
├ ƒ /api/v1/notifications/stream
├ ƒ /api/v1/sites/[site_id]/comments/[comment_id]/reactions
├ ƒ /api/v1/sites/[site_id]/spaces/[space_id]
├ ƒ /api/v1/sites/[site_id]/threads/[thread_id]
├ ƒ /api/v1/sites/[site_id]/threads/[thread_id]/comments
├ ƒ /api/v1/sites/[site_id]/threads/[thread_id]/comments/[comment_id]
├ ƒ /api/v1/sites/[site_id]/threads/[thread_id]/subscriptions
├ ƒ /api/v1/sites/[site_id]/topics
├ ƒ /api/v1/sites/[site_id]/topics/[topic_id]
├ ƒ /api/v1/sites/[site_id]/topics/[topic_id]/read
├ ƒ /articles
├ ƒ /articles/[slug]
├ ƒ /builder/[id]
├ ƒ /builder/[id]/preview
├ ƒ /calendar
├ ƒ /cart
├ ƒ /checkout/cancel
├ ƒ /checkout/return
├ ƒ /checkout/test/[reference]
├ ƒ /connections
├ ƒ /donate
├ ƒ /donate/[campaignId]
├ ƒ /events
├ ƒ /events/[slug]/ics
├ ƒ /events/feed.ics
├ ƒ /feed.json
├ ƒ /feed.xml
├ ƒ /feeds/[scope]/[slug]
├ ƒ /forums
├ ƒ /forums/[forumSlug]
├ ƒ /forums/[forumSlug]/[topicSlug]
├ ƒ /graphics-studio
├ ƒ /guided-setup
├ ƒ /health/live
├ ƒ /health/ready
├ ƒ /login
├ ƒ /media/[id]
├ ƒ /member-auth
├ ƒ /member-auth/verify
├ ƒ /members
├ ƒ /members/[handle]
├ ƒ /members/settings
├ ƒ /messages
├ ƒ /network
├ ƒ /nodeinfo/2.1
├ ƒ /notifications
├ ƒ /ops/rebuild-notification-counters
├ ƒ /podcasts/[slug]
├ ƒ /podcasts/[slug]/feed.xml
├ ƒ /podcasts/episodes/[slug]
├ ƒ /podcasts/episodes/[slug]/chapters.json
├ ƒ /podcasts/episodes/[slug]/transcript
├ ƒ /pos
├ ƒ /preferences
├ ƒ /preview/article/[token]
├ ƒ /robots.txt
├ ƒ /search
├ ƒ /setup
├ ƒ /sitemap.xml
├ ƒ /sitemaps/[page]
├ ƒ /social-studio
├ ƒ /store
├ ƒ /subscribe
├ ƒ /subscribe/confirm
├ ƒ /unsubscribe
├ ƒ /video-captions/[id]
├ ƒ /video-media/[id]/[filename]
├ ƒ /videos
└ ƒ /videos/[slug]


○  (Static)   prerendered as static content
ƒ  (Dynamic)  server-rendered on demand
