(node:11036) Warning: The 'NO_COLOR' env is ignored due to the 'FORCE_COLOR' env being set.
(Use `node --trace-warnings ...` to show where the warning was created)
▲ Next.js 16.3.0
- Local:         http://127.0.0.1:3128
- Network:       http://127.0.0.1:3128
✓ Ready in 0ms
✓ Running next.config took 12ms
[16:17:03] [33mWARN[39m: [36mNo email adapter provided. Email will be written to console. More info at https://payloadcms.com/docs/email/overview.[39m
(node:12732) Warning: The 'NO_COLOR' env is ignored due to the 'FORCE_COLOR' env being set.
(Use `node --trace-warnings ...` to show where the warning was created)
▲ Next.js 16.3.0
- Local:         http://127.0.0.1:3128
- Network:       http://127.0.0.1:3128
✓ Ready in 0ms
✓ Running next.config took 9ms
[16:17:20] [33mWARN[39m: [36mNo email adapter provided. Email will be written to console. More info at https://payloadcms.com/docs/email/overview.[39m
Redirect event: {
  from: [32m'/rc03-1791148628311'[39m,
  to: [32m'/articles/rc03-release-1791148628311'[39m,
  statusCode: [33m308[39m,
  userAgent: [32m'Mozilla/5.0 (Windows NT 10.0; Win64; x64) AppleWebKit/537.36 (KHTML, like Gecko) HeadlessChrome/151.0.7922.34 Safari/537.36'[39m,
  referer: [32m'direct'[39m,
  timestamp: [32m'2026-10-04T21:18:05.823Z'[39m
}
(node:30716) Warning: The 'NO_COLOR' env is ignored due to the 'FORCE_COLOR' env being set.
(Use `node --trace-warnings ...` to show where the warning was created)
▲ Next.js 16.3.0
- Local:         http://127.0.0.1:3128
- Network:       http://127.0.0.1:3128
✓ Ready in 0ms
✓ Running next.config took 9ms
[16:18:10] [33mWARN[39m: [36mNo email adapter provided. Email will be written to console. More info at https://payloadcms.com/docs/email/overview.[39m
[16:18:14] [31mERROR[39m: [36mYou are not allowed to perform this action.[39m
    err: {
      "type": "F",
      "message": "You are not allowed to perform this action.",
      "stack":
          F: You are not allowed to perform this action.
              at tv (C:\Projects\RENEGADE CMS\Renegade-CMS\.next\standalone\.next\server\chunks\_1d2yn1c._.js:111:15094)
              at process.processTicksAndRejections (node:internal/process/task_queues:104:5)
              at async sO (C:\Projects\RENEGADE CMS\Renegade-CMS\.next\standalone\.next\server\chunks\_1d2yn1c._.js:111:122999)
              at async t_ (C:\Projects\RENEGADE CMS\Renegade-CMS\.next\standalone\.next\server\chunks\_1d2yn1c._.js:82:345675)
              at async y (C:\Projects\RENEGADE CMS\Renegade-CMS\.next\standalone\.next\server\chunks\_0_cd-fp._.js:1:8534)
              at async C:\Projects\RENEGADE CMS\Renegade-CMS\.next\standalone\.next\server\chunks\_0_cd-fp._.js:1:16938
              at async rW.do (C:\Projects\RENEGADE CMS\Renegade-CMS\.next\standalone\node_modules\next\dist\compiled\next-server\app-route-turbo.runtime.prod.js:5:23405)
              at async rW.handle (C:\Projects\RENEGADE CMS\Renegade-CMS\.next\standalone\node_modules\next\dist\compiled\next-server\app-route-turbo.runtime.prod.js:5:28909)
              at async X (C:\Projects\RENEGADE CMS\Renegade-CMS\.next\standalone\.next\server\chunks\_0_cd-fp._.js:1:21134)
              at async rW.handleResponse (C:\Projects\RENEGADE CMS\Renegade-CMS\.next\standalone\node_modules\next\dist\compiled\next-server\app-route-turbo.runtime.prod.js:1:129300)
      "data": null,
      "isOperational": true,
      "isPublic": true,
      "status": 403,
      "name": "F"
    }
[16:18:14] [31mERROR[39m: [36mYou are not allowed to perform this action.[39m
    err: {
      "type": "F",
      "message": "You are not allowed to perform this action.",
      "stack":
          F: You are not allowed to perform this action.
              at tv (C:\Projects\RENEGADE CMS\Renegade-CMS\.next\standalone\.next\server\chunks\_1d2yn1c._.js:111:15094)
              at process.processTicksAndRejections (node:internal/process/task_queues:104:5)
              at async sO (C:\Projects\RENEGADE CMS\Renegade-CMS\.next\standalone\.next\server\chunks\_1d2yn1c._.js:111:122999)
              at async t_ (C:\Projects\RENEGADE CMS\Renegade-CMS\.next\standalone\.next\server\chunks\_1d2yn1c._.js:82:345675)
              at async y (C:\Projects\RENEGADE CMS\Renegade-CMS\.next\standalone\.next\server\chunks\_0_cd-fp._.js:1:8534)
              at async C:\Projects\RENEGADE CMS\Renegade-CMS\.next\standalone\.next\server\chunks\_0_cd-fp._.js:1:16938
              at async rW.do (C:\Projects\RENEGADE CMS\Renegade-CMS\.next\standalone\node_modules\next\dist\compiled\next-server\app-route-turbo.runtime.prod.js:5:23405)
              at async rW.handle (C:\Projects\RENEGADE CMS\Renegade-CMS\.next\standalone\node_modules\next\dist\compiled\next-server\app-route-turbo.runtime.prod.js:5:28909)
              at async X (C:\Projects\RENEGADE CMS\Renegade-CMS\.next\standalone\.next\server\chunks\_0_cd-fp._.js:1:21134)
              at async rW.handleResponse (C:\Projects\RENEGADE CMS\Renegade-CMS\.next\standalone\node_modules\next\dist\compiled\next-server\app-route-turbo.runtime.prod.js:1:129300)
      "data": null,
      "isOperational": true,
      "isPublic": true,
      "status": 403,
      "name": "F"
    }
